[
	"104.237.142.206:6868",
	"118.178.135.93:6868",
	"120.77.69.188:6868",
	"121.41.103.148:6868",
	"139.162.7.132:6868",
	"172.104.85.6:6868",
	"176.58.126.224:6868",
	"47.88.33.156:6868"
]
